**you must either specify a configuration file or at least 3 options. See below for the options:

Usage: protractor [configFile] [options]
configFile defaults to protractor.conf.js
The [options] object will override values from the config file.
See the reference config for a full list of options.

Options:
  --help                                             Print Protractor help menu                               
  --version                                          Print Protractor version                                 
  --browser, --capabilities.browserName              Browsername, e.g. chrome or firefox                      
  --seleniumAddress                                  A running selenium address to use                        
  --seleniumServerJar                                Location of the standalone selenium jar file             
  --seleniumPort                                     Optional port for the selenium standalone server         
  --baseUrl                                          URL to prepend to all relative paths                     
  --rootElement                                      Element housing ng-app, if not html or body              
  --specs                                            Comma-separated list of files to test                    
  --exclude                                          Comma-separated list of files to exclude                 
  --verbose, --jasmineNodeOpts.isVerbose             Print full spec names                                    
  --stackTrace, --jasmineNodeOpts.includeStackTrace  Print stack trace on error                               
  --params                                           Param object to be passed to the tests                   
  --framework                                        Test framework to use: jasmine, cucumber or mocha        
  --resultJsonOutputFile                             Path to save JSON test result                            
  --troubleshoot                                     Turn on troubleshooting output                           
  --elementExplorer                                  Interactively test Protractor commands                   
  --debuggerServerPort                               Start a debugger server at specified port instead of repl

